User: georgi Exception stack trace:  bg.sofia.uni.fmi.mjt.spotify.song.PlaylistService.getTopNSongs(PlaylistService.java:61) bg.sofia.uni.fmi.mjt.spotify.Spotify.top(Spotify.java:71) bg.sofia.uni.fmi.mjt.spotify.command.CommandExecutor.top(CommandExecutor.java:160) bg.sofia.uni.fmi.mjt.spotify.command.CommandExecutor.execute(CommandExecutor.java:63) bg.sofia.uni.fmi.mjt.spotify.server.SpotifyServer.start(SpotifyServer.java:58) bg.sofia.uni.fmi.mjt.spotify.server.SpotifyServer.main(SpotifyServer.java:36)
User: stefka Exception stack trace:  bg.sofia.uni.fmi.mjt.spotify.song.PlaylistService.getTopNSongs(PlaylistService.java:61) bg.sofia.uni.fmi.mjt.spotify.Spotify.top(Spotify.java:71) bg.sofia.uni.fmi.mjt.spotify.command.CommandExecutor.top(CommandExecutor.java:163) bg.sofia.uni.fmi.mjt.spotify.command.CommandExecutor.execute(CommandExecutor.java:63) bg.sofia.uni.fmi.mjt.spotify.server.SpotifyServer.start(SpotifyServer.java:58) bg.sofia.uni.fmi.mjt.spotify.server.SpotifyServer.main(SpotifyServer.java:36)
User: stefka Exception stack trace:  bg.sofia.uni.fmi.mjt.spotify.song.PlaylistService.createPlaylist(PlaylistService.java:73) bg.sofia.uni.fmi.mjt.spotify.Spotify.createPlaylist(Spotify.java:78) bg.sofia.uni.fmi.mjt.spotify.command.CommandExecutor.createPlaylist(CommandExecutor.java:180) bg.sofia.uni.fmi.mjt.spotify.command.CommandExecutor.execute(CommandExecutor.java:64) bg.sofia.uni.fmi.mjt.spotify.server.SpotifyServer.start(SpotifyServer.java:58) bg.sofia.uni.fmi.mjt.spotify.server.SpotifyServer.main(SpotifyServer.java:36)
User: stefka Exception stack trace:  bg.sofia.uni.fmi.mjt.spotify.song.PlaylistService.lambda$getPlaylistByName$2(PlaylistService.java:97) java.base/java.util.Optional.orElseThrow(Optional.java:403) bg.sofia.uni.fmi.mjt.spotify.song.PlaylistService.getPlaylistByName(PlaylistService.java:97) bg.sofia.uni.fmi.mjt.spotify.Spotify.showPlaylist(Spotify.java:92) bg.sofia.uni.fmi.mjt.spotify.command.CommandExecutor.showPlaylist(CommandExecutor.java:216) bg.sofia.uni.fmi.mjt.spotify.command.CommandExecutor.execute(CommandExecutor.java:66) bg.sofia.uni.fmi.mjt.spotify.server.SpotifyServer.start(SpotifyServer.java:58) bg.sofia.uni.fmi.mjt.spotify.server.SpotifyServer.main(SpotifyServer.java:36)
User: stefka Exception stack trace:  bg.sofia.uni.fmi.mjt.spotify.song.PlaylistService.lambda$getSong$5(PlaylistService.java:208) java.base/java.util.Optional.orElseThrow(Optional.java:403) bg.sofia.uni.fmi.mjt.spotify.song.PlaylistService.getSong(PlaylistService.java:208) bg.sofia.uni.fmi.mjt.spotify.song.PlaylistService.playSong(PlaylistService.java:102) bg.sofia.uni.fmi.mjt.spotify.Spotify.play(Spotify.java:99) bg.sofia.uni.fmi.mjt.spotify.command.CommandExecutor.play(CommandExecutor.java:233) bg.sofia.uni.fmi.mjt.spotify.command.CommandExecutor.execute(CommandExecutor.java:67) bg.sofia.uni.fmi.mjt.spotify.server.SpotifyServer.start(SpotifyServer.java:58) bg.sofia.uni.fmi.mjt.spotify.server.SpotifyServer.main(SpotifyServer.java:36)
User: stefka Exception stack trace:  bg.sofia.uni.fmi.mjt.spotify.song.PlaylistService.lambda$getSong$5(PlaylistService.java:208) java.base/java.util.Optional.orElseThrow(Optional.java:403) bg.sofia.uni.fmi.mjt.spotify.song.PlaylistService.getSong(PlaylistService.java:208) bg.sofia.uni.fmi.mjt.spotify.song.PlaylistService.playSong(PlaylistService.java:102) bg.sofia.uni.fmi.mjt.spotify.Spotify.play(Spotify.java:99) bg.sofia.uni.fmi.mjt.spotify.command.CommandExecutor.play(CommandExecutor.java:233) bg.sofia.uni.fmi.mjt.spotify.command.CommandExecutor.execute(CommandExecutor.java:67) bg.sofia.uni.fmi.mjt.spotify.server.SpotifyServer.start(SpotifyServer.java:58) bg.sofia.uni.fmi.mjt.spotify.server.SpotifyServer.main(SpotifyServer.java:36)
User: stefka Exception stack trace:  bg.sofia.uni.fmi.mjt.spotify.song.PlaylistService.lambda$getSong$5(PlaylistService.java:208) java.base/java.util.Optional.orElseThrow(Optional.java:403) bg.sofia.uni.fmi.mjt.spotify.song.PlaylistService.getSong(PlaylistService.java:208) bg.sofia.uni.fmi.mjt.spotify.song.PlaylistService.playSong(PlaylistService.java:102) bg.sofia.uni.fmi.mjt.spotify.Spotify.play(Spotify.java:99) bg.sofia.uni.fmi.mjt.spotify.command.CommandExecutor.play(CommandExecutor.java:233) bg.sofia.uni.fmi.mjt.spotify.command.CommandExecutor.execute(CommandExecutor.java:67) bg.sofia.uni.fmi.mjt.spotify.server.SpotifyServer.start(SpotifyServer.java:58) bg.sofia.uni.fmi.mjt.spotify.server.SpotifyServer.main(SpotifyServer.java:36)
User: stefka Exception stack trace:  bg.sofia.uni.fmi.mjt.spotify.song.PlaylistService.lambda$getSong$5(PlaylistService.java:220) java.base/java.util.Optional.orElseThrow(Optional.java:403) bg.sofia.uni.fmi.mjt.spotify.song.PlaylistService.getSong(PlaylistService.java:220) bg.sofia.uni.fmi.mjt.spotify.song.PlaylistService.playSong(PlaylistService.java:114) bg.sofia.uni.fmi.mjt.spotify.Spotify.play(Spotify.java:99) bg.sofia.uni.fmi.mjt.spotify.command.CommandExecutor.play(CommandExecutor.java:234) bg.sofia.uni.fmi.mjt.spotify.command.CommandExecutor.execute(CommandExecutor.java:68) bg.sofia.uni.fmi.mjt.spotify.server.SpotifyServer.start(SpotifyServer.java:58) bg.sofia.uni.fmi.mjt.spotify.server.SpotifyServer.main(SpotifyServer.java:36)
User: petya Exception stack trace:  bg.sofia.uni.fmi.mjt.spotify.song.PlaylistService.getTopNSongs(PlaylistService.java:73) bg.sofia.uni.fmi.mjt.spotify.Spotify.top(Spotify.java:71) bg.sofia.uni.fmi.mjt.spotify.command.CommandExecutor.top(CommandExecutor.java:164) bg.sofia.uni.fmi.mjt.spotify.command.CommandExecutor.execute(CommandExecutor.java:64) bg.sofia.uni.fmi.mjt.spotify.server.SpotifyServer.start(SpotifyServer.java:58) bg.sofia.uni.fmi.mjt.spotify.server.SpotifyServer.main(SpotifyServer.java:36)
User: petya Exception stack trace:  bg.sofia.uni.fmi.mjt.spotify.song.PlaylistService.createPlaylist(PlaylistService.java:85) bg.sofia.uni.fmi.mjt.spotify.Spotify.createPlaylist(Spotify.java:78) bg.sofia.uni.fmi.mjt.spotify.command.CommandExecutor.createPlaylist(CommandExecutor.java:181) bg.sofia.uni.fmi.mjt.spotify.command.CommandExecutor.execute(CommandExecutor.java:65) bg.sofia.uni.fmi.mjt.spotify.server.SpotifyServer.start(SpotifyServer.java:58) bg.sofia.uni.fmi.mjt.spotify.server.SpotifyServer.main(SpotifyServer.java:36)
